%!Adobe-FontList 1.22
%Locale:0x409

%BeginFont
Handler:DirectoryHandler
FontType:Invalid
OutlineFileName:/Users/gabriele/Desktop/2122 RS Booklet Template Folder/Document fonts/AdobeFnt22.lst
FileLength:2584
FileModTime:649335280
%EndFont

%BeginFont
Handler:DirectoryHandler
FontType:Type1
FontName:BentonSans-Bold
FamilyName:BentonSans Bold
StyleName:Regular
MenuName:BentonSans Bold
StyleBits:0
WeightClass:400
WidthClass:5
AngleClass:0
FullName:BentonSans Bold
WritingScript:Roman
OutlineFileName:/Users/gabriele/Desktop/2122 RS Booklet Template Folder/Document fonts/BentonSans Bold.otf
DataFormat:sfntData
UsesStandardEncoding:yes
isCFF:yes
hasSVG:no
VariableFontType:NonVariableFont
FileLength:25432
FileModTime:467998238
NameArray:0,Mac,4,BentonSans Bold
NameArray:0,Win,1,BentonSans Bold
%EndFont

%BeginFont
Handler:DirectoryHandler
FontType:TrueType
FontName:DMSans-Bold
FamilyName:DM Sans
StyleName:Bold
MenuName:DM Sans
StyleBits:2
WeightClass:700
WidthClass:5
AngleClass:0
FullName:DM Sans Bold
WritingScript:Roman
OutlineFileName:/Users/gabriele/Desktop/2122 RS Booklet Template Folder/Document fonts/DMSans-Bold.ttf
DataFormat:sfntData
hasSVG:no
VariableFontType:NonVariableFont
FileLength:71764
FileModTime:581972400
NameArray:0,Win,1,DM Sans
%EndFont

%BeginFont
Handler:DirectoryHandler
FontType:TrueType
FontName:DMSans-Regular
FamilyName:DM Sans
StyleName:Regular
MenuName:DM Sans
StyleBits:0
WeightClass:400
WidthClass:5
AngleClass:0
FullName:DM Sans Regular
WritingScript:Roman
OutlineFileName:/Users/gabriele/Desktop/2122 RS Booklet Template Folder/Document fonts/DMSans-Regular.ttf
DataFormat:sfntData
hasSVG:no
VariableFontType:NonVariableFont
FileLength:71912
FileModTime:581972400
NameArray:0,Win,1,DM Sans
%EndFont

%BeginFont
Handler:DirectoryHandler
FontType:Type1
FontName:MinionPro-Regular
FamilyName:Minion Pro
StyleName:Regular
MenuName:Minion Pro
StyleBits:0
WeightClass:400
WidthClass:5
AngleClass:0
FullName:Minion Pro
WritingScript:Roman
OutlineFileName:/Users/gabriele/Desktop/2122 RS Booklet Template Folder/Document fonts/MinionPro-Regular.otf
DataFormat:sfntData
UsesStandardEncoding:yes
isCFF:yes
hasSVG:no
VariableFontType:NonVariableFont
FileLength:217280
FileModTime:476243840
DesignSize:110
NameArray:0,Mac,4,Minion Pro
NameArray:0,Win,1,Minion Pro
%EndFont

%BeginFont
Handler:DirectoryHandler
FontType:TrueType
FontName:Verdana
FamilyName:Verdana
StyleName:Regular
MenuName:Verdana
StyleBits:0
WeightClass:400
WidthClass:5
AngleClass:0
FullName:Verdana
WritingScript:Roman
OutlineFileName:/Users/gabriele/Desktop/2122 RS Booklet Template Folder/Document fonts/Verdana.ttf
DataFormat:sfntData
hasSVG:no
VariableFontType:NonVariableFont
FileLength:189144
FileModTime:476243842
NameArray:0,Mac,4,Verdana
NameArray:0,Win,1,Verdana
%EndFont

